[13:54:45] [INIT] KubeJS 2001.6.5-build.16; MC 2001 forge
[13:54:45] [INIT] Loaded plugins:
[13:54:45] [INIT] - dev.latvian.mods.kubejs.forge.BuiltinKubeJSForgePlugin
[13:54:45] [INIT] - dev.latvian.mods.kubejs.forge.BuiltinKubeJSForgeClientPlugin
[13:54:45] [INIT] - com.jesz.createdieselgenerators.compat.kubejs.CDGKubeJSPlugin
[13:54:45] [INIT] - com.tom.createores.kubejs.KubeJSExcavation
[13:54:45] [INIT] - dev.latvian.mods.kubejs.create.KubeJSCreatePlugin
[13:54:45] [INIT] - dev.bluephs.dgjs.DGJSPlugin
[13:54:45] [INIT] - com.notenoughmail.kubejs_tfc.KubeJSTFCPlugin
[13:54:45] [INIT] - com.notenoughmail.kubejs_tfc.addons.firmalife.FirmaLifePlugin
[13:54:45] [INIT] - com.notenoughmail.kubejs_tfc.addons.afc.AFCPlugin
[13:54:45] [INIT] - com.notenoughmail.kubejs_tfc.addons.tfccc.TFCCCPlugin
[13:54:45] [INIT] - com.notenoughmail.kubejs_tfc.addons.artisanal.ArtisanalPlugin
[13:54:45] [INIT] - snownee.lychee.compat.kubejs.LycheeKubeJSPlugin
[13:54:45] [INIT] KubeJS TFC configuration:
[13:54:45] [INIT] - Debug mode enabled: false
[13:54:45] [INIT] - Self tests console insertion enabled: true
[13:54:45] [INIT] - Self tests warnings deduplicated: true
[13:54:45] [INFO] Loaded script server_scripts:example.js in 0.035 s
[13:54:45] [INFO] Loaded 1/1 KubeJS server scripts in 0.208 s with 0 errors and 0 warnings
[13:54:45] [INFO] Scripts loaded
[13:54:45] [INFO] Initializing recipe event...
[13:54:48] [INFO] [minecraft:block] Found 880 tags, added 0 objects, removed 40 objects
[13:54:48] [INFO] [minecraft:item] Found 2318 tags, added 54 objects, removed 28 objects
[13:54:51] [INFO] Processing recipes...
[13:54:51] [WARN] Failed to parse recipe 'textile:clothing/raw/socks[tfc:knapping]'! Falling back to vanilla: ItemStack 'result' can't be empty!
[13:54:52] [WARN] Failed to parse recipe 'tfc_smelting_cobble:steel_blast_furnace_insulation[minecraft:crafting_shaped]'! Falling back to vanilla: ItemStack 'result' can't be empty!
[13:54:52] [WARN] Failed to parse recipe 'tfc_medicine:hasted_bandage_r_2[minecraft:crafting_shaped]'! Falling back to vanilla: ItemStack 'result' can't be empty!
[13:54:52] [INFO] Found 19549 recipes in 338.2 ms
[13:54:54] [INFO] Posted recipe events in 2.317 s
[13:54:54] [WARN] Error parsing recipe chiselsandbits:bag_dyeing[tfc:barrel_sealed]: {"__comment__":"This file was automatically created by mcresources","type":"tfc:barrel_sealed","input_item":{"ingredient":{"item":"chiselsandbits:bit_bag"}},"input_fluid":{"ingredient":"tfc:white_dye","amount":25},"output_item":{"item":"chiselsandbits:bag_dyeing"},"duration":1000}: Unknown item 'chiselsandbits:bag_dyeing'
[13:54:54] [WARN] Error parsing recipe create:kjs/6s60j2x010pulfuap04aycexn[create:mixing]: {"type":"create:mixing","results":[{"item":"tfc:glue","count":2}],"ingredients":[{"item":"immersivepetroleum:bitumen"},{"fluid":"minecraft:empty","nbt":{},"amount":0},{"item":"tfc:powder/lime"}],"heatRequirement":"heated"}: Invalid empty fluid 'minecraft:empty'
[13:54:54] [INFO] Added 548 recipes, removed 459 recipes, modified 1413 recipes, with 2 failed recipes in 124.0 ms
[13:54:55] [INFO] Server resource reload complete!
