[13:15:39] [INIT] KubeJS 2001.6.5-build.16; MC 2001 forge
[13:15:39] [INIT] Loaded plugins:
[13:15:39] [INIT] - dev.latvian.mods.kubejs.forge.BuiltinKubeJSForgePlugin
[13:15:39] [INIT] - dev.latvian.mods.kubejs.forge.BuiltinKubeJSForgeClientPlugin
[13:15:39] [INIT] - com.jesz.createdieselgenerators.compat.kubejs.CDGKubeJSPlugin
[13:15:39] [INIT] - com.tom.createores.kubejs.KubeJSExcavation
[13:15:39] [INIT] - dev.latvian.mods.kubejs.create.KubeJSCreatePlugin
[13:15:39] [INIT] - dev.bluephs.dgjs.DGJSPlugin
[13:15:39] [INIT] - com.notenoughmail.kubejs_tfc.KubeJSTFCPlugin
[13:15:39] [INIT] - com.notenoughmail.kubejs_tfc.addons.firmalife.FirmaLifePlugin
[13:15:39] [INIT] - com.notenoughmail.kubejs_tfc.addons.afc.AFCPlugin
[13:15:39] [INIT] - com.notenoughmail.kubejs_tfc.addons.tfccc.TFCCCPlugin
[13:15:39] [INIT] - com.notenoughmail.kubejs_tfc.addons.artisanal.ArtisanalPlugin
[13:15:39] [INIT] - snownee.lychee.compat.kubejs.LycheeKubeJSPlugin
[13:15:41] [INIT] KubeJS TFC configuration:
[13:15:41] [INIT] - Debug mode enabled: false
[13:15:41] [INIT] - Self tests console insertion enabled: true
[13:15:41] [INIT] - Self tests warnings deduplicated: true
[13:15:41] [INFO] example.js#5: Hello, World! (Loaded startup scripts)
[13:15:41] [INFO] Loaded script startup_scripts:example.js in 0.138 s
[13:15:41] [INFO] Loaded 1/1 KubeJS startup scripts in 1.566 s with 0 errors and 0 warnings
